EXPECTED:

RA> movie.join (studioName, name, studio)

 Table movie11
|-----------------------------------------------------------------------------------------------------------------------------------------|
|           title           year         length          genre     studioName     producerNo           name        address         presNo |
|-----------------------------------------------------------------------------------------------------------------------------------------|
|       Star_Wars           1977            124          sciFi            Fox          12345            Fox    Los_Angeles           7777 |
|     Star_Wars_2           1980            124          sciFi            Fox          12345            Fox    Los_Angeles           7777 |
|           Rocky           1985            200         action      Universal          12125      Universal Universal_City           8888 |
|           Rambo           1978            100         action      Universal          32355      Universal Universal_City           8888 |
|-----------------------------------------------------------------------------------------------------------------------------------------|


ACTUAL:

RA> movie.join (studioName, name, studio)

 Table movie6
|-----------------------------------------------------------------------------------------------------------------------------------------|
|           title           year         length          genre     studioName     producerNo           name        address         presNo |
|-----------------------------------------------------------------------------------------------------------------------------------------|
|       Star_Wars           1977            124          sciFi            Fox          12345            Fox    Los_Angeles           7777 |
|     Star_Wars_2           1980            124          sciFi            Fox          12345            Fox    Los_Angeles           7777 |
|           Rocky           1985            200         action      Universal          12125      Universal Universal_City           8888 |
|-----------------------------------------------------------------------------------------------------------------------------------------|
|-----------------------------------------------------------------------------------------------------------------------------------------|
|       Star_Wars           1977            124          sciFi            Fox          12345            Fox    Los_Angeles           7777 |
|     Star_Wars_2           1980            124          sciFi            Fox          12345            Fox    Los_Angeles           7777 |
|-----------------------------------------------------------------------------------------------------------------------------------------|
|-----------------------------------------------------------------------------------------------------------------------------------------|
|       Star_Wars           1977            124          sciFi            Fox          12345            Fox    Los_Angeles           7777 |
|     Star_Wars_2           1980            124          sciFi            Fox          12345            Fox    Los_Angeles           7777 |
|           Rocky           1985            200         action      Universal          12125      Universal Universal_City           8888 |
|           Rambo           1978            100         action      Universal          32355      Universal Universal_City           8888 |
|-----------------------------------------------------------------------------------------------------------------------------------------|
|-----------------------------------------------------------------------------------------------------------------------------------------|
|       Star_Wars           1977            124          sciFi            Fox          12345            Fox    Los_Angeles           7777 |
|     Star_Wars_2           1980            124          sciFi            Fox          12345            Fox    Los_Angeles           7777 |
|-----------------------------------------------------------------------------------------------------------------------------------------|
|-----------------------------------------------------------------------------------------------------------------------------------------|
|       Star_Wars           1977            124          sciFi            Fox          12345            Fox    Los_Angeles           7777 |
|     Star_Wars_2           1980            124          sciFi            Fox          12345            Fox    Los_Angeles           7777 |
|           Rocky           1985            200         action      Universal          12125      Universal Universal_City           8888 |
|           Rambo           1978            100         action      Universal          32355      Universal Universal_City           8888 |
|-----------------------------------------------------------------------------------------------------------------------------------------|